[    0.000000] Initializing cgroup subsys cpu
[    0.000000] Linux version 3.16.0-rc6 (tony@vamp) (gcc version 4.8.2 20140110 (prerelease) [ibm/gcc-4_8-branch merged from gcc-4_8-branch, revision 205847] (Ubuntu/Linaro 4.8.2-13ubuntu1) ) #1 SMP PREEMPT Wed Oct 1 14:39:23 EDT 2014
[    0.000000] CPU: AArch64 Processor [410fc0f0] revision 0
[    0.000000] Memory limited to 512MB
[    0.000000] cma: CMA: reserved 16 MiB at 9f000000
[    0.000000] On node 0 totalpages: 131072
[    0.000000]   DMA zone: 1792 pages used for memmap
[    0.000000]   DMA zone: 0 pages reserved
[    0.000000]   DMA zone: 131072 pages, LIFO batch:31
[    0.000000] PERCPU: Embedded 11 pages/cpu @ffffffc01efc3000 s12800 r8192 d24064 u45056
[    0.000000] pcpu-alloc: s12800 r8192 d24064 u45056 alloc=11*4096
[    0.000000] pcpu-alloc: [0] 0 [0] 1 [0] 2 [0] 3 
[    0.000000] Built 1 zonelists in Zone order, mobility grouping on.  Total pages: 129280
[    0.000000] Kernel command line: earlyprintk=pl011,0x1c090000 console=ttyAMA0 lpj=19988480 norandmaps rw loglevel=8 mem=512MB root=/dev/sda1
[    0.000000] PID hash table entries: 2048 (order: 2, 16384 bytes)
[    0.000000] Dentry cache hash table entries: 65536 (order: 7, 524288 bytes)
[    0.000000] Inode-cache hash table entries: 32768 (order: 6, 262144 bytes)
[    0.000000] Memory: 485524K/524288K available (4569K kernel code, 308K rwdata, 1640K rodata, 208K init, 187K bss, 38764K reserved)
[    0.000000] Virtual kernel memory layout:
[    0.000000]     vmalloc : 0xffffff8000000000 - 0xffffffbbffff0000   (245759 MB)
[    0.000000]     vmemmap : 0xffffffbc01c00000 - 0xffffffbc02300000   (     7 MB)
[    0.000000]     modules : 0xffffffbffc000000 - 0xffffffc000000000   (    64 MB)
[    0.000000]     memory  : 0xffffffc000000000 - 0xffffffc020000000   (   512 MB)
[    0.000000]       .init : 0xffffffc000692000 - 0xffffffc0006c6200   (   209 kB)
[    0.000000]       .text : 0xffffffc000080000 - 0xffffffc0006914e4   (  6214 kB)
[    0.000000]       .data : 0xffffffc0006c7000 - 0xffffffc0007141e0   (   309 kB)
[    0.000000] SLUB: HWalign=64, Order=0-3, MinObjects=0, CPUs=4, Nodes=1
[    0.000000] Preemptible hierarchical RCU implementation.
[    0.000000] 	RCU restricting CPUs from NR_CPUS=8 to nr_cpu_ids=4.
[    0.000000] RCU: Adjusting geometry for rcu_fanout_leaf=16, nr_cpu_ids=4
[    0.000000] NR_IRQS:64 nr_irqs:64 0
[    0.000000] Architected cp15 timer(s) running at 100.00MHz (phys).
[    0.000001] sched_clock: 56 bits at 100MHz, resolution 10ns, wraps every 2748779069440ns
[    0.000041] Console: colour dummy device 80x25
[    0.000044] Calibrating delay loop (skipped) preset value.. 3997.69 BogoMIPS (lpj=19988480)
[    0.000046] pid_max: default: 32768 minimum: 301
[    0.000065] Mount-cache hash table entries: 1024 (order: 1, 8192 bytes)
[    0.000067] Mountpoint-cache hash table entries: 1024 (order: 1, 8192 bytes)
[    0.000281] hw perfevents: no hardware support available
[    0.060074] CPU1: Booted secondary processor
[    0.080074] CPU2: Booted secondary processor
[    0.100080] CPU3: Booted secondary processor
[    0.100097] Brought up 4 CPUs
[    0.100102] SMP: Total of 4 processors activated.
[    0.100241] devtmpfs: initialized
[    0.101268] atomic64_test: passed
[    0.101396] regulator-dummy: no parameters
[    0.102280] NET: Registered protocol family 16
[    0.102679] vdso: 2 pages (1 code, 1 data) at base ffffffc0006cd000
[    0.102688] hw-breakpoint: found 2 breakpoint and 2 watchpoint registers.
[    0.103748] software IO TLB [mem 0x9d400000-0x9d800000] (4MB) mapped at [ffffffc01d400000-ffffffc01d7fffff]
[    0.103753] Serial: AMBA PL011 UART driver
[    0.104257] of_amba_device_create(): amba_device_add() failed (-19) for /smb/motherboard/iofpga@3,00000000/sysctl@020000
[    0.104335] 1c090000.uart: ttyAMA0 at MMIO 0x1c090000 (irq = 37, base_baud = 0) is a PL011 rev3
[    0.104957] console [ttyAMA0] enabled
[    0.105065] of_amba_device_create(): amba_device_add() failed (-19) for /smb/motherboard/iofpga@3,00000000/uart@0a0000
[    0.105116] of_amba_device_create(): amba_device_add() failed (-19) for /smb/motherboard/iofpga@3,00000000/uart@0b0000
[    0.105167] of_amba_device_create(): amba_device_add() failed (-19) for /smb/motherboard/iofpga@3,00000000/uart@0c0000
[    0.105214] of_amba_device_create(): amba_device_add() failed (-19) for /smb/motherboard/iofpga@3,00000000/wdt@0f0000
[    0.130326] 3V3: 3300 mV 
[    0.130436] vgaarb: loaded
[    0.130569] SCSI subsystem initialized
[    0.130655] libata version 3.00 loaded.
[    0.130805] usbcore: registered new interface driver usbfs
[    0.130846] usbcore: registered new interface driver hub
[    0.130892] usbcore: registered new device driver usb
[    0.130972] pps_core: LinuxPPS API ver. 1 registered
[    0.130985] pps_core: Software ver. 5.3.6 - Copyright 2005-2007 Rodolfo Giometti <giometti@linux.it>
[    0.131018] PTP clock support registered
[    0.131332] Switched to clocksource arch_sys_counter
[    0.134156] NET: Registered protocol family 2
[    0.134337] TCP established hash table entries: 4096 (order: 3, 32768 bytes)
[    0.134382] TCP bind hash table entries: 4096 (order: 4, 65536 bytes)
[    0.134442] TCP: Hash tables configured (established 4096 bind 4096)
[    0.134476] TCP: reno registered
[    0.134484] UDP hash table entries: 256 (order: 1, 8192 bytes)
[    0.134503] UDP-Lite hash table entries: 256 (order: 1, 8192 bytes)
[    0.134568] NET: Registered protocol family 1
[    0.134643] RPC: Registered named UNIX socket transport module.
[    0.134655] RPC: Registered udp transport module.
[    0.134665] RPC: Registered tcp transport module.
[    0.134674] RPC: Registered tcp NFSv4.1 backchannel transport module.
[    0.134689] PCI: CLS 0 bytes, default 64
[    0.135121] futex hash table entries: 1024 (order: 4, 65536 bytes)
[    0.135345] HugeTLB registered 2 MB page size, pre-allocated 0 pages
[    0.139451] fuse init (API version 7.23)
[    0.139664] msgmni has been set to 980
[    0.139846] io scheduler noop registered
[    0.139962] io scheduler cfq registered (default)
[    0.140884] pci-host-generic 30000000.pci: PCI host bridge to bus 0000:00
[    0.140902] pci_bus 0000:00: root bus resource [io  0x0000-0xffff]
[    0.140916] pci_bus 0000:00: root bus resource [mem 0x40000000-0x4fffffff]
[    0.140931] pci_bus 0000:00: root bus resource [bus 00-ff]
[    0.140943] pci_bus 0000:00: scanning bus
[    0.140957] pci 0000:00:00.0: [8086:1075] type 00 class 0x020000
[    0.140973] pci 0000:00:00.0: reg 0x10: [mem 0x00000000-0x0001ffff]
[    0.140991] pci 0000:00:00.0: reg 0x30: [mem 0x00000000-0x000007ff pref]
[    0.141059] pci 0000:00:01.0: [8086:7111] type 00 class 0x010185
[    0.141077] pci 0000:00:01.0: reg 0x10: [io  0x0000-0x0007]
[    0.141090] pci 0000:00:01.0: reg 0x14: [io  0x0000-0x0003]
[    0.141103] pci 0000:00:01.0: reg 0x18: [io  0x0000-0x0007]
[    0.141116] pci 0000:00:01.0: reg 0x1c: [io  0x0000-0x0003]
[    0.141130] pci 0000:00:01.0: reg 0x20: [io  0x0000-0x000f]
[    0.141144] pci 0000:00:01.0: reg 0x30: [mem 0x00000000-0x000007ff pref]
[    0.141214] pci_bus 0000:00: fixups for bus
[    0.141224] pci_bus 0000:00: bus scan returning with max=00
[    0.141239] pci 0000:00:00.0: calling quirk_e100_interrupt+0x0/0x1cc
[    0.141264] pci 0000:00:00.0: fixup irq: got 33
[    0.141275] pci 0000:00:00.0: assigning IRQ 33
[    0.141289] pci 0000:00:01.0: fixup irq: got 34
[    0.141299] pci 0000:00:01.0: assigning IRQ 34
[    0.141314] pci 0000:00:00.0: BAR 0: assigned [mem 0x40000000-0x4001ffff]
[    0.141329] pci 0000:00:00.0: BAR 6: assigned [mem 0x40020000-0x400207ff pref]
[    0.141350] pci 0000:00:01.0: BAR 6: assigned [mem 0x40020800-0x40020fff pref]
[    0.141365] pci 0000:00:01.0: BAR 4: assigned [io  0x1000-0x100f]
[    0.141379] pci 0000:00:01.0: BAR 0: assigned [io  0x1010-0x1017]
[    0.141393] pci 0000:00:01.0: BAR 2: assigned [io  0x1018-0x101f]
[    0.141406] pci 0000:00:01.0: BAR 1: assigned [io  0x1020-0x1023]
[    0.141420] pci 0000:00:01.0: BAR 3: assigned [io  0x1024-0x1027]
[    0.142700] Serial: 8250/16550 driver, 4 ports, IRQ sharing disabled
[    0.143379] ata_piix 0000:00:01.0: version 2.13
[    0.143392] ata_piix 0000:00:01.0: enabling device (0000 -> 0001)
[    0.143427] ata_piix 0000:00:01.0: enabling bus mastering
[    0.144040] scsi0 : ata_piix
[    0.144208] scsi1 : ata_piix
[    0.144283] ata1: PATA max UDMA/33 cmd 0x1010 ctl 0x1020 bmdma 0x1000 irq 34
[    0.144300] ata2: PATA max UDMA/33 cmd 0x1018 ctl 0x1024 bmdma 0x1008 irq 34
[    0.144527] e1000: Intel(R) PRO/1000 Network Driver - version 7.3.21-k8-NAPI
[    0.144541] e1000: Copyright (c) 1999-2006 Intel Corporation.
[    0.144560] e1000 0000:00:00.0: enabling device (0000 -> 0002)
[    0.144574] e1000 0000:00:00.0: enabling bus mastering
[    0.301409] ata1.00: ATA-7: M5 IDE Disk, , max UDMA/66
[    0.301422] ata1.00: 4194288 sectors, multi 0: LBA 
[    0.301458] ata1.00: configured for UDMA/33
[    0.301542] scsi 0:0:0:0: Direct-Access     ATA      M5 IDE Disk      n/a  PQ: 0 ANSI: 5
[    0.301727] sd 0:0:0:0: Attached scsi generic sg0 type 0
[    0.301730] sd 0:0:0:0: [sda] 4194288 512-byte logical blocks: (2.14 GB/1.99 GiB)
[    0.301772] sd 0:0:0:0: [sda] Write Protect is off
[    0.301785] sd 0:0:0:0: [sda] Mode Sense: 00 3a 00 00
[    0.301814] sd 0:0:0:0: [sda] Write cache: disabled, read cache: enabled, doesn't support DPO or FUA
[    0.302043]  sda: sda1
[    0.302248] sd 0:0:0:0: [sda] Attached SCSI disk
[    0.421700] e1000 0000:00:00.0 eth0: (PCI:33MHz:32-bit) 00:90:00:00:00:01
[    0.421717] e1000 0000:00:00.0 eth0: Intel(R) PRO/1000 Network Connection
[    0.421751] e1000e: Intel(R) PRO/1000 Network Driver - 2.3.2-k
[    0.421763] e1000e: Copyright(c) 1999 - 2014 Intel Corporation.
[    0.421794] igb: Intel(R) Gigabit Ethernet Network Driver - version 5.0.5-k
[    0.421808] igb: Copyright (c) 2007-2014 Intel Corporation.
[    0.421943] usbcore: registered new interface driver usb-storage
[    0.422026] mousedev: PS/2 mouse device common for all mice
[    0.422328] usbcore: registered new interface driver usbhid
[    0.422340] usbhid: USB HID core driver
[    0.422391] TCP: cubic registered
[    0.422400] NET: Registered protocol family 17
 [    0.422993] EXT2-fs (sda1): warning: mounting unchecked fs, running e2fsck is recommended
[    0.423028] VFS: Mounted root (ext2 filesystem) on device 8:1.
[    0.423079] devtmpfs: mounted
[    0.423143] Freeing unused kernel memory: 208K (ffffffc000692000 - ffffffc0006c6000)
Mount failed for selinuxfs on /sys/fs/selinux:  No such file or directory
[    0.454432] random: init urandom read with 11 bits of entropy available
 Starting memcached: warmup.4GB.rcS is running
***** Start boot script! *****
RUNSCRIPT_VAR_1 not set! Setting it ...
eth0      Link encap:Ethernet  HWaddr 00:90:00:00:00:02  
          inet addr:10.0.0.2  Bcast:10.255.255.255  Mask:255.0.0.0
          UP BROADCAST MULTICAST  MTU:1500  Metric:1
          RX packets:0 errors:0 dropped:0 overruns:0 frame:0
          TX packets:0 errors:0 dropped:0 overruns:0 carrier:0
          collisions:0 txqueuelen:100000 
          RX bytes:0 (0.0 B)  TX bytes:0 (0.0 B)

lo        Link encap:Local Loopback  
          inet addr:127.0.0.1  Mask:255.0.0.0
          UP LOOPBACK RUNNING  MTU:65536  Metric:1
          RX packets:0 errors:0 dropped:0 overruns:0 frame:0
          TX packets:0 errors:0 dropped:0 overruns:0 carrier:0
          collisions:0 txqueuelen:0 
          RX bytes:0 (0.0 B)  TX bytes:0 (0.0 B)

Hello from 0 of 
eth0      Link encap:Ethernet  HWaddr 00:90:00:00:00:02  
          inet addr:10.0.0.2  Bcast:10.255.255.255  Mask:255.0.0.0
          UP BROADCAST MULTICAST  MTU:1500  Metric:1
          RX packets:0 errors:0 dropped:0 overruns:0 frame:0
          TX packets:0 errors:0 dropped:0 overruns:0 carrier:0
          collisions:0 txqueuelen:100000 
          RX bytes:0 (0.0 B)  TX bytes:0 (0.0 B)

lo        Link encap:Local Loopback  
          inet addr:127.0.0.1  Mask:255.0.0.0
          UP LOOPBACK RUNNING  MTU:65536  Metric:1
          RX packets:0 errors:0 dropped:0 overruns:0 frame:0
          TX packets:0 errors:0 dropped:0 overruns:0 carrier:0
          collisions:0 txqueuelen:0 
          RX bytes:0 (0.0 B)  TX bytes:0 (0.0 B)

Terminated
memcached server started
starting warmup
